// Jest Snapshot v1, https://goo.gl/fbAQLP

exports[`List should match snapshot and styles 1`] = `
<List
  items={
    Array [
      Object {
        "content": "content",
        "header": "header",
        "icon": "",
      },
    ]
  }
  listItemComponent={[Function]}
  showAvatar={true}
>
  <ListItem
    className="ray-list-item"
    items={
      Array [
        Object {
          "content": "content",
          "header": "header",
          "icon": "",
        },
      ]
    }
    showAvatar={true}
  >
    <ul>
      <li
        className="ray-list-item"
        key="0"
      >
        <Avatar
          add={false}
          className="ray-list-item__icon-block"
          edit={false}
          image=""
          name="header"
          size="medium"
        >
          <div
            className="lucia-avatar lucia-avatar--medium ray-list-item__icon-block"
          >
            <span
              className="ray-text--body"
            >
              h
               
            </span>
          </div>
        </Avatar>
        <p
          className="ray-list-item__container"
        >
          <span
            className="ray-list-item__header"
          >
            header
          </span>
          <span
            className="ray-list-item__content"
          >
            content
          </span>
        </p>
      </li>
    </ul>
  </ListItem>
</List>
`;
